2025-08-29T18:06:22: ❌ Error starting WhatsApp service: TypeError: logger.child is not a function
    at makeNoiseHandler (C:\Users\55519\Desktop\DIGITAL MARKETING\SAAS AND APP DEVELOPMENT\Caio Website Personal Brand\caio_personal_brand_current_one\node_modules\@whiskeysockets\baileys\lib\Utils\noise-handler.js:15:21)
    at makeSocket (C:\Users\55519\Desktop\DIGITAL MARKETING\SAAS AND APP DEVELOPMENT\Caio Website Personal Brand\caio_personal_brand_current_one\node_modules\@whiskeysockets\baileys\lib\Socket\socket.js:39:48)
    at makeUSyncSocket (C:\Users\55519\Desktop\DIGITAL MARKETING\SAAS AND APP DEVELOPMENT\Caio Website Personal Brand\caio_personal_brand_current_one\node_modules\@whiskeysockets\baileys\lib\Socket\usync.js:8:42)
    at makeChatsSocket (C:\Users\55519\Desktop\DIGITAL MARKETING\SAAS AND APP DEVELOPMENT\Caio Website Personal Brand\caio_personal_brand_current_one\node_modules\@whiskeysockets\baileys\lib\Socket\chats.js:21:46)
    at makeGroupsSocket (C:\Users\55519\Desktop\DIGITAL MARKETING\SAAS AND APP DEVELOPMENT\Caio Website Personal Brand\caio_personal_brand_current_one\node_modules\@whiskeysockets\baileys\lib\Socket\groups.js:10:46)
    at makeMessagesSocket (C:\Users\55519\Desktop\DIGITAL MARKETING\SAAS AND APP DEVELOPMENT\Caio Website Personal Brand\caio_personal_brand_current_one\node_modules\@whiskeysockets\baileys\lib\Socket\messages-send.js:18:48)
    at makeMessagesRecvSocket (C:\Users\55519\Desktop\DIGITAL MARKETING\SAAS AND APP DEVELOPMENT\Caio Website Personal Brand\caio_personal_brand_current_one\node_modules\@whiskeysockets\baileys\lib\Socket\messages-recv.js:20:57)
    at makeBusinessSocket (C:\Users\55519\Desktop\DIGITAL MARKETING\SAAS AND APP DEVELOPMENT\Caio Website Personal Brand\caio_personal_brand_current_one\node_modules\@whiskeysockets\baileys\lib\Socket\business.js:9:61)
    at makeWASocket (C:\Users\55519\Desktop\DIGITAL MARKETING\SAAS AND APP DEVELOPMENT\Caio Website Personal Brand\caio_personal_brand_current_one\node_modules\@whiskeysockets\baileys\lib\Socket\index.js:6:69)
    at WhatsAppService.start (C:\Users\55519\Desktop\DIGITAL MARKETING\SAAS AND APP DEVELOPMENT\Caio Website Personal Brand\caio_personal_brand_current_one\whatsapp-service.js:19:19)
2025-08-29T18:06:27: ❌ Error starting WhatsApp service: TypeError: logger.child is not a function
    at makeNoiseHandler (C:\Users\55519\Desktop\DIGITAL MARKETING\SAAS AND APP DEVELOPMENT\Caio Website Personal Brand\caio_personal_brand_current_one\node_modules\@whiskeysockets\baileys\lib\Utils\noise-handler.js:15:21)
    at makeSocket (C:\Users\55519\Desktop\DIGITAL MARKETING\SAAS AND APP DEVELOPMENT\Caio Website Personal Brand\caio_personal_brand_current_one\node_modules\@whiskeysockets\baileys\lib\Socket\socket.js:39:48)
    at makeUSyncSocket (C:\Users\55519\Desktop\DIGITAL MARKETING\SAAS AND APP DEVELOPMENT\Caio Website Personal Brand\caio_personal_brand_current_one\node_modules\@whiskeysockets\baileys\lib\Socket\usync.js:8:42)
    at makeChatsSocket (C:\Users\55519\Desktop\DIGITAL MARKETING\SAAS AND APP DEVELOPMENT\Caio Website Personal Brand\caio_personal_brand_current_one\node_modules\@whiskeysockets\baileys\lib\Socket\chats.js:21:46)
    at makeGroupsSocket (C:\Users\55519\Desktop\DIGITAL MARKETING\SAAS AND APP DEVELOPMENT\Caio Website Personal Brand\caio_personal_brand_current_one\node_modules\@whiskeysockets\baileys\lib\Socket\groups.js:10:46)
    at makeMessagesSocket (C:\Users\55519\Desktop\DIGITAL MARKETING\SAAS AND APP DEVELOPMENT\Caio Website Personal Brand\caio_personal_brand_current_one\node_modules\@whiskeysockets\baileys\lib\Socket\messages-send.js:18:48)
    at makeMessagesRecvSocket (C:\Users\55519\Desktop\DIGITAL MARKETING\SAAS AND APP DEVELOPMENT\Caio Website Personal Brand\caio_personal_brand_current_one\node_modules\@whiskeysockets\baileys\lib\Socket\messages-recv.js:20:57)
    at makeBusinessSocket (C:\Users\55519\Desktop\DIGITAL MARKETING\SAAS AND APP DEVELOPMENT\Caio Website Personal Brand\caio_personal_brand_current_one\node_modules\@whiskeysockets\baileys\lib\Socket\business.js:9:61)
    at makeWASocket (C:\Users\55519\Desktop\DIGITAL MARKETING\SAAS AND APP DEVELOPMENT\Caio Website Personal Brand\caio_personal_brand_current_one\node_modules\@whiskeysockets\baileys\lib\Socket\index.js:6:69)
    at WhatsAppService.start (C:\Users\55519\Desktop\DIGITAL MARKETING\SAAS AND APP DEVELOPMENT\Caio Website Personal Brand\caio_personal_brand_current_one\whatsapp-service.js:19:19)
2025-08-29T18:06:37: ❌ Error starting WhatsApp service: TypeError: logger.child is not a function
    at makeNoiseHandler (C:\Users\55519\Desktop\DIGITAL MARKETING\SAAS AND APP DEVELOPMENT\Caio Website Personal Brand\caio_personal_brand_current_one\node_modules\@whiskeysockets\baileys\lib\Utils\noise-handler.js:15:21)
    at makeSocket (C:\Users\55519\Desktop\DIGITAL MARKETING\SAAS AND APP DEVELOPMENT\Caio Website Personal Brand\caio_personal_brand_current_one\node_modules\@whiskeysockets\baileys\lib\Socket\socket.js:39:48)
    at makeUSyncSocket (C:\Users\55519\Desktop\DIGITAL MARKETING\SAAS AND APP DEVELOPMENT\Caio Website Personal Brand\caio_personal_brand_current_one\node_modules\@whiskeysockets\baileys\lib\Socket\usync.js:8:42)
    at makeChatsSocket (C:\Users\55519\Desktop\DIGITAL MARKETING\SAAS AND APP DEVELOPMENT\Caio Website Personal Brand\caio_personal_brand_current_one\node_modules\@whiskeysockets\baileys\lib\Socket\chats.js:21:46)
    at makeGroupsSocket (C:\Users\55519\Desktop\DIGITAL MARKETING\SAAS AND APP DEVELOPMENT\Caio Website Personal Brand\caio_personal_brand_current_one\node_modules\@whiskeysockets\baileys\lib\Socket\groups.js:10:46)
    at makeMessagesSocket (C:\Users\55519\Desktop\DIGITAL MARKETING\SAAS AND APP DEVELOPMENT\Caio Website Personal Brand\caio_personal_brand_current_one\node_modules\@whiskeysockets\baileys\lib\Socket\messages-send.js:18:48)
    at makeMessagesRecvSocket (C:\Users\55519\Desktop\DIGITAL MARKETING\SAAS AND APP DEVELOPMENT\Caio Website Personal Brand\caio_personal_brand_current_one\node_modules\@whiskeysockets\baileys\lib\Socket\messages-recv.js:20:57)
    at makeBusinessSocket (C:\Users\55519\Desktop\DIGITAL MARKETING\SAAS AND APP DEVELOPMENT\Caio Website Personal Brand\caio_personal_brand_current_one\node_modules\@whiskeysockets\baileys\lib\Socket\business.js:9:61)
    at makeWASocket (C:\Users\55519\Desktop\DIGITAL MARKETING\SAAS AND APP DEVELOPMENT\Caio Website Personal Brand\caio_personal_brand_current_one\node_modules\@whiskeysockets\baileys\lib\Socket\index.js:6:69)
    at WhatsAppService.start (C:\Users\55519\Desktop\DIGITAL MARKETING\SAAS AND APP DEVELOPMENT\Caio Website Personal Brand\caio_personal_brand_current_one\whatsapp-service.js:19:19)
2025-08-29T18:06:52: ❌ Error starting WhatsApp service: TypeError: logger.child is not a function
    at makeNoiseHandler (C:\Users\55519\Desktop\DIGITAL MARKETING\SAAS AND APP DEVELOPMENT\Caio Website Personal Brand\caio_personal_brand_current_one\node_modules\@whiskeysockets\baileys\lib\Utils\noise-handler.js:15:21)
    at makeSocket (C:\Users\55519\Desktop\DIGITAL MARKETING\SAAS AND APP DEVELOPMENT\Caio Website Personal Brand\caio_personal_brand_current_one\node_modules\@whiskeysockets\baileys\lib\Socket\socket.js:39:48)
    at makeUSyncSocket (C:\Users\55519\Desktop\DIGITAL MARKETING\SAAS AND APP DEVELOPMENT\Caio Website Personal Brand\caio_personal_brand_current_one\node_modules\@whiskeysockets\baileys\lib\Socket\usync.js:8:42)
    at makeChatsSocket (C:\Users\55519\Desktop\DIGITAL MARKETING\SAAS AND APP DEVELOPMENT\Caio Website Personal Brand\caio_personal_brand_current_one\node_modules\@whiskeysockets\baileys\lib\Socket\chats.js:21:46)
    at makeGroupsSocket (C:\Users\55519\Desktop\DIGITAL MARKETING\SAAS AND APP DEVELOPMENT\Caio Website Personal Brand\caio_personal_brand_current_one\node_modules\@whiskeysockets\baileys\lib\Socket\groups.js:10:46)
    at makeMessagesSocket (C:\Users\55519\Desktop\DIGITAL MARKETING\SAAS AND APP DEVELOPMENT\Caio Website Personal Brand\caio_personal_brand_current_one\node_modules\@whiskeysockets\baileys\lib\Socket\messages-send.js:18:48)
    at makeMessagesRecvSocket (C:\Users\55519\Desktop\DIGITAL MARKETING\SAAS AND APP DEVELOPMENT\Caio Website Personal Brand\caio_personal_brand_current_one\node_modules\@whiskeysockets\baileys\lib\Socket\messages-recv.js:20:57)
    at makeBusinessSocket (C:\Users\55519\Desktop\DIGITAL MARKETING\SAAS AND APP DEVELOPMENT\Caio Website Personal Brand\caio_personal_brand_current_one\node_modules\@whiskeysockets\baileys\lib\Socket\business.js:9:61)
    at makeWASocket (C:\Users\55519\Desktop\DIGITAL MARKETING\SAAS AND APP DEVELOPMENT\Caio Website Personal Brand\caio_personal_brand_current_one\node_modules\@whiskeysockets\baileys\lib\Socket\index.js:6:69)
    at WhatsAppService.start (C:\Users\55519\Desktop\DIGITAL MARKETING\SAAS AND APP DEVELOPMENT\Caio Website Personal Brand\caio_personal_brand_current_one\whatsapp-service.js:19:19)
2025-08-29T18:07:12: ❌ Error starting WhatsApp service: TypeError: logger.child is not a function
    at makeNoiseHandler (C:\Users\55519\Desktop\DIGITAL MARKETING\SAAS AND APP DEVELOPMENT\Caio Website Personal Brand\caio_personal_brand_current_one\node_modules\@whiskeysockets\baileys\lib\Utils\noise-handler.js:15:21)
    at makeSocket (C:\Users\55519\Desktop\DIGITAL MARKETING\SAAS AND APP DEVELOPMENT\Caio Website Personal Brand\caio_personal_brand_current_one\node_modules\@whiskeysockets\baileys\lib\Socket\socket.js:39:48)
    at makeUSyncSocket (C:\Users\55519\Desktop\DIGITAL MARKETING\SAAS AND APP DEVELOPMENT\Caio Website Personal Brand\caio_personal_brand_current_one\node_modules\@whiskeysockets\baileys\lib\Socket\usync.js:8:42)
    at makeChatsSocket (C:\Users\55519\Desktop\DIGITAL MARKETING\SAAS AND APP DEVELOPMENT\Caio Website Personal Brand\caio_personal_brand_current_one\node_modules\@whiskeysockets\baileys\lib\Socket\chats.js:21:46)
    at makeGroupsSocket (C:\Users\55519\Desktop\DIGITAL MARKETING\SAAS AND APP DEVELOPMENT\Caio Website Personal Brand\caio_personal_brand_current_one\node_modules\@whiskeysockets\baileys\lib\Socket\groups.js:10:46)
    at makeMessagesSocket (C:\Users\55519\Desktop\DIGITAL MARKETING\SAAS AND APP DEVELOPMENT\Caio Website Personal Brand\caio_personal_brand_current_one\node_modules\@whiskeysockets\baileys\lib\Socket\messages-send.js:18:48)
    at makeMessagesRecvSocket (C:\Users\55519\Desktop\DIGITAL MARKETING\SAAS AND APP DEVELOPMENT\Caio Website Personal Brand\caio_personal_brand_current_one\node_modules\@whiskeysockets\baileys\lib\Socket\messages-recv.js:20:57)
    at makeBusinessSocket (C:\Users\55519\Desktop\DIGITAL MARKETING\SAAS AND APP DEVELOPMENT\Caio Website Personal Brand\caio_personal_brand_current_one\node_modules\@whiskeysockets\baileys\lib\Socket\business.js:9:61)
    at makeWASocket (C:\Users\55519\Desktop\DIGITAL MARKETING\SAAS AND APP DEVELOPMENT\Caio Website Personal Brand\caio_personal_brand_current_one\node_modules\@whiskeysockets\baileys\lib\Socket\index.js:6:69)
    at WhatsAppService.start (C:\Users\55519\Desktop\DIGITAL MARKETING\SAAS AND APP DEVELOPMENT\Caio Website Personal Brand\caio_personal_brand_current_one\whatsapp-service.js:19:19)
2025-08-29T18:07:37: ❌ Error starting WhatsApp service: TypeError: logger.child is not a function
    at makeNoiseHandler (C:\Users\55519\Desktop\DIGITAL MARKETING\SAAS AND APP DEVELOPMENT\Caio Website Personal Brand\caio_personal_brand_current_one\node_modules\@whiskeysockets\baileys\lib\Utils\noise-handler.js:15:21)
    at makeSocket (C:\Users\55519\Desktop\DIGITAL MARKETING\SAAS AND APP DEVELOPMENT\Caio Website Personal Brand\caio_personal_brand_current_one\node_modules\@whiskeysockets\baileys\lib\Socket\socket.js:39:48)
    at makeUSyncSocket (C:\Users\55519\Desktop\DIGITAL MARKETING\SAAS AND APP DEVELOPMENT\Caio Website Personal Brand\caio_personal_brand_current_one\node_modules\@whiskeysockets\baileys\lib\Socket\usync.js:8:42)
    at makeChatsSocket (C:\Users\55519\Desktop\DIGITAL MARKETING\SAAS AND APP DEVELOPMENT\Caio Website Personal Brand\caio_personal_brand_current_one\node_modules\@whiskeysockets\baileys\lib\Socket\chats.js:21:46)
    at makeGroupsSocket (C:\Users\55519\Desktop\DIGITAL MARKETING\SAAS AND APP DEVELOPMENT\Caio Website Personal Brand\caio_personal_brand_current_one\node_modules\@whiskeysockets\baileys\lib\Socket\groups.js:10:46)
    at makeMessagesSocket (C:\Users\55519\Desktop\DIGITAL MARKETING\SAAS AND APP DEVELOPMENT\Caio Website Personal Brand\caio_personal_brand_current_one\node_modules\@whiskeysockets\baileys\lib\Socket\messages-send.js:18:48)
    at makeMessagesRecvSocket (C:\Users\55519\Desktop\DIGITAL MARKETING\SAAS AND APP DEVELOPMENT\Caio Website Personal Brand\caio_personal_brand_current_one\node_modules\@whiskeysockets\baileys\lib\Socket\messages-recv.js:20:57)
    at makeBusinessSocket (C:\Users\55519\Desktop\DIGITAL MARKETING\SAAS AND APP DEVELOPMENT\Caio Website Personal Brand\caio_personal_brand_current_one\node_modules\@whiskeysockets\baileys\lib\Socket\business.js:9:61)
    at makeWASocket (C:\Users\55519\Desktop\DIGITAL MARKETING\SAAS AND APP DEVELOPMENT\Caio Website Personal Brand\caio_personal_brand_current_one\node_modules\@whiskeysockets\baileys\lib\Socket\index.js:6:69)
    at WhatsAppService.start (C:\Users\55519\Desktop\DIGITAL MARKETING\SAAS AND APP DEVELOPMENT\Caio Website Personal Brand\caio_personal_brand_current_one\whatsapp-service.js:19:19)
2025-08-29T18:08:07: ❌ Error starting WhatsApp service: TypeError: logger.child is not a function
    at makeNoiseHandler (C:\Users\55519\Desktop\DIGITAL MARKETING\SAAS AND APP DEVELOPMENT\Caio Website Personal Brand\caio_personal_brand_current_one\node_modules\@whiskeysockets\baileys\lib\Utils\noise-handler.js:15:21)
    at makeSocket (C:\Users\55519\Desktop\DIGITAL MARKETING\SAAS AND APP DEVELOPMENT\Caio Website Personal Brand\caio_personal_brand_current_one\node_modules\@whiskeysockets\baileys\lib\Socket\socket.js:39:48)
    at makeUSyncSocket (C:\Users\55519\Desktop\DIGITAL MARKETING\SAAS AND APP DEVELOPMENT\Caio Website Personal Brand\caio_personal_brand_current_one\node_modules\@whiskeysockets\baileys\lib\Socket\usync.js:8:42)
    at makeChatsSocket (C:\Users\55519\Desktop\DIGITAL MARKETING\SAAS AND APP DEVELOPMENT\Caio Website Personal Brand\caio_personal_brand_current_one\node_modules\@whiskeysockets\baileys\lib\Socket\chats.js:21:46)
    at makeGroupsSocket (C:\Users\55519\Desktop\DIGITAL MARKETING\SAAS AND APP DEVELOPMENT\Caio Website Personal Brand\caio_personal_brand_current_one\node_modules\@whiskeysockets\baileys\lib\Socket\groups.js:10:46)
    at makeMessagesSocket (C:\Users\55519\Desktop\DIGITAL MARKETING\SAAS AND APP DEVELOPMENT\Caio Website Personal Brand\caio_personal_brand_current_one\node_modules\@whiskeysockets\baileys\lib\Socket\messages-send.js:18:48)
    at makeMessagesRecvSocket (C:\Users\55519\Desktop\DIGITAL MARKETING\SAAS AND APP DEVELOPMENT\Caio Website Personal Brand\caio_personal_brand_current_one\node_modules\@whiskeysockets\baileys\lib\Socket\messages-recv.js:20:57)
    at makeBusinessSocket (C:\Users\55519\Desktop\DIGITAL MARKETING\SAAS AND APP DEVELOPMENT\Caio Website Personal Brand\caio_personal_brand_current_one\node_modules\@whiskeysockets\baileys\lib\Socket\business.js:9:61)
    at makeWASocket (C:\Users\55519\Desktop\DIGITAL MARKETING\SAAS AND APP DEVELOPMENT\Caio Website Personal Brand\caio_personal_brand_current_one\node_modules\@whiskeysockets\baileys\lib\Socket\index.js:6:69)
    at WhatsAppService.start (C:\Users\55519\Desktop\DIGITAL MARKETING\SAAS AND APP DEVELOPMENT\Caio Website Personal Brand\caio_personal_brand_current_one\whatsapp-service.js:19:19)
2025-08-29T18:08:37: ❌ Error starting WhatsApp service: TypeError: logger.child is not a function
    at makeNoiseHandler (C:\Users\55519\Desktop\DIGITAL MARKETING\SAAS AND APP DEVELOPMENT\Caio Website Personal Brand\caio_personal_brand_current_one\node_modules\@whiskeysockets\baileys\lib\Utils\noise-handler.js:15:21)
    at makeSocket (C:\Users\55519\Desktop\DIGITAL MARKETING\SAAS AND APP DEVELOPMENT\Caio Website Personal Brand\caio_personal_brand_current_one\node_modules\@whiskeysockets\baileys\lib\Socket\socket.js:39:48)
    at makeUSyncSocket (C:\Users\55519\Desktop\DIGITAL MARKETING\SAAS AND APP DEVELOPMENT\Caio Website Personal Brand\caio_personal_brand_current_one\node_modules\@whiskeysockets\baileys\lib\Socket\usync.js:8:42)
    at makeChatsSocket (C:\Users\55519\Desktop\DIGITAL MARKETING\SAAS AND APP DEVELOPMENT\Caio Website Personal Brand\caio_personal_brand_current_one\node_modules\@whiskeysockets\baileys\lib\Socket\chats.js:21:46)
    at makeGroupsSocket (C:\Users\55519\Desktop\DIGITAL MARKETING\SAAS AND APP DEVELOPMENT\Caio Website Personal Brand\caio_personal_brand_current_one\node_modules\@whiskeysockets\baileys\lib\Socket\groups.js:10:46)
    at makeMessagesSocket (C:\Users\55519\Desktop\DIGITAL MARKETING\SAAS AND APP DEVELOPMENT\Caio Website Personal Brand\caio_personal_brand_current_one\node_modules\@whiskeysockets\baileys\lib\Socket\messages-send.js:18:48)
    at makeMessagesRecvSocket (C:\Users\55519\Desktop\DIGITAL MARKETING\SAAS AND APP DEVELOPMENT\Caio Website Personal Brand\caio_personal_brand_current_one\node_modules\@whiskeysockets\baileys\lib\Socket\messages-recv.js:20:57)
    at makeBusinessSocket (C:\Users\55519\Desktop\DIGITAL MARKETING\SAAS AND APP DEVELOPMENT\Caio Website Personal Brand\caio_personal_brand_current_one\node_modules\@whiskeysockets\baileys\lib\Socket\business.js:9:61)
    at makeWASocket (C:\Users\55519\Desktop\DIGITAL MARKETING\SAAS AND APP DEVELOPMENT\Caio Website Personal Brand\caio_personal_brand_current_one\node_modules\@whiskeysockets\baileys\lib\Socket\index.js:6:69)
    at WhatsAppService.start (C:\Users\55519\Desktop\DIGITAL MARKETING\SAAS AND APP DEVELOPMENT\Caio Website Personal Brand\caio_personal_brand_current_one\whatsapp-service.js:19:19)
2025-08-29T18:09:07: ❌ Error starting WhatsApp service: TypeError: logger.child is not a function
    at makeNoiseHandler (C:\Users\55519\Desktop\DIGITAL MARKETING\SAAS AND APP DEVELOPMENT\Caio Website Personal Brand\caio_personal_brand_current_one\node_modules\@whiskeysockets\baileys\lib\Utils\noise-handler.js:15:21)
    at makeSocket (C:\Users\55519\Desktop\DIGITAL MARKETING\SAAS AND APP DEVELOPMENT\Caio Website Personal Brand\caio_personal_brand_current_one\node_modules\@whiskeysockets\baileys\lib\Socket\socket.js:39:48)
    at makeUSyncSocket (C:\Users\55519\Desktop\DIGITAL MARKETING\SAAS AND APP DEVELOPMENT\Caio Website Personal Brand\caio_personal_brand_current_one\node_modules\@whiskeysockets\baileys\lib\Socket\usync.js:8:42)
    at makeChatsSocket (C:\Users\55519\Desktop\DIGITAL MARKETING\SAAS AND APP DEVELOPMENT\Caio Website Personal Brand\caio_personal_brand_current_one\node_modules\@whiskeysockets\baileys\lib\Socket\chats.js:21:46)
    at makeGroupsSocket (C:\Users\55519\Desktop\DIGITAL MARKETING\SAAS AND APP DEVELOPMENT\Caio Website Personal Brand\caio_personal_brand_current_one\node_modules\@whiskeysockets\baileys\lib\Socket\groups.js:10:46)
    at makeMessagesSocket (C:\Users\55519\Desktop\DIGITAL MARKETING\SAAS AND APP DEVELOPMENT\Caio Website Personal Brand\caio_personal_brand_current_one\node_modules\@whiskeysockets\baileys\lib\Socket\messages-send.js:18:48)
    at makeMessagesRecvSocket (C:\Users\55519\Desktop\DIGITAL MARKETING\SAAS AND APP DEVELOPMENT\Caio Website Personal Brand\caio_personal_brand_current_one\node_modules\@whiskeysockets\baileys\lib\Socket\messages-recv.js:20:57)
    at makeBusinessSocket (C:\Users\55519\Desktop\DIGITAL MARKETING\SAAS AND APP DEVELOPMENT\Caio Website Personal Brand\caio_personal_brand_current_one\node_modules\@whiskeysockets\baileys\lib\Socket\business.js:9:61)
    at makeWASocket (C:\Users\55519\Desktop\DIGITAL MARKETING\SAAS AND APP DEVELOPMENT\Caio Website Personal Brand\caio_personal_brand_current_one\node_modules\@whiskeysockets\baileys\lib\Socket\index.js:6:69)
    at WhatsAppService.start (C:\Users\55519\Desktop\DIGITAL MARKETING\SAAS AND APP DEVELOPMENT\Caio Website Personal Brand\caio_personal_brand_current_one\whatsapp-service.js:19:19)
2025-08-29T18:09:37: ❌ Error starting WhatsApp service: TypeError: logger.child is not a function
    at makeNoiseHandler (C:\Users\55519\Desktop\DIGITAL MARKETING\SAAS AND APP DEVELOPMENT\Caio Website Personal Brand\caio_personal_brand_current_one\node_modules\@whiskeysockets\baileys\lib\Utils\noise-handler.js:15:21)
    at makeSocket (C:\Users\55519\Desktop\DIGITAL MARKETING\SAAS AND APP DEVELOPMENT\Caio Website Personal Brand\caio_personal_brand_current_one\node_modules\@whiskeysockets\baileys\lib\Socket\socket.js:39:48)
    at makeUSyncSocket (C:\Users\55519\Desktop\DIGITAL MARKETING\SAAS AND APP DEVELOPMENT\Caio Website Personal Brand\caio_personal_brand_current_one\node_modules\@whiskeysockets\baileys\lib\Socket\usync.js:8:42)
    at makeChatsSocket (C:\Users\55519\Desktop\DIGITAL MARKETING\SAAS AND APP DEVELOPMENT\Caio Website Personal Brand\caio_personal_brand_current_one\node_modules\@whiskeysockets\baileys\lib\Socket\chats.js:21:46)
    at makeGroupsSocket (C:\Users\55519\Desktop\DIGITAL MARKETING\SAAS AND APP DEVELOPMENT\Caio Website Personal Brand\caio_personal_brand_current_one\node_modules\@whiskeysockets\baileys\lib\Socket\groups.js:10:46)
    at makeMessagesSocket (C:\Users\55519\Desktop\DIGITAL MARKETING\SAAS AND APP DEVELOPMENT\Caio Website Personal Brand\caio_personal_brand_current_one\node_modules\@whiskeysockets\baileys\lib\Socket\messages-send.js:18:48)
    at makeMessagesRecvSocket (C:\Users\55519\Desktop\DIGITAL MARKETING\SAAS AND APP DEVELOPMENT\Caio Website Personal Brand\caio_personal_brand_current_one\node_modules\@whiskeysockets\baileys\lib\Socket\messages-recv.js:20:57)
    at makeBusinessSocket (C:\Users\55519\Desktop\DIGITAL MARKETING\SAAS AND APP DEVELOPMENT\Caio Website Personal Brand\caio_personal_brand_current_one\node_modules\@whiskeysockets\baileys\lib\Socket\business.js:9:61)
    at makeWASocket (C:\Users\55519\Desktop\DIGITAL MARKETING\SAAS AND APP DEVELOPMENT\Caio Website Personal Brand\caio_personal_brand_current_one\node_modules\@whiskeysockets\baileys\lib\Socket\index.js:6:69)
    at WhatsAppService.start (C:\Users\55519\Desktop\DIGITAL MARKETING\SAAS AND APP DEVELOPMENT\Caio Website Personal Brand\caio_personal_brand_current_one\whatsapp-service.js:19:19)
2025-08-29T18:10:08: ❌ Error starting WhatsApp service: TypeError: logger.child is not a function
    at makeNoiseHandler (C:\Users\55519\Desktop\DIGITAL MARKETING\SAAS AND APP DEVELOPMENT\Caio Website Personal Brand\caio_personal_brand_current_one\node_modules\@whiskeysockets\baileys\lib\Utils\noise-handler.js:15:21)
    at makeSocket (C:\Users\55519\Desktop\DIGITAL MARKETING\SAAS AND APP DEVELOPMENT\Caio Website Personal Brand\caio_personal_brand_current_one\node_modules\@whiskeysockets\baileys\lib\Socket\socket.js:39:48)
    at makeUSyncSocket (C:\Users\55519\Desktop\DIGITAL MARKETING\SAAS AND APP DEVELOPMENT\Caio Website Personal Brand\caio_personal_brand_current_one\node_modules\@whiskeysockets\baileys\lib\Socket\usync.js:8:42)
    at makeChatsSocket (C:\Users\55519\Desktop\DIGITAL MARKETING\SAAS AND APP DEVELOPMENT\Caio Website Personal Brand\caio_personal_brand_current_one\node_modules\@whiskeysockets\baileys\lib\Socket\chats.js:21:46)
    at makeGroupsSocket (C:\Users\55519\Desktop\DIGITAL MARKETING\SAAS AND APP DEVELOPMENT\Caio Website Personal Brand\caio_personal_brand_current_one\node_modules\@whiskeysockets\baileys\lib\Socket\groups.js:10:46)
    at makeMessagesSocket (C:\Users\55519\Desktop\DIGITAL MARKETING\SAAS AND APP DEVELOPMENT\Caio Website Personal Brand\caio_personal_brand_current_one\node_modules\@whiskeysockets\baileys\lib\Socket\messages-send.js:18:48)
    at makeMessagesRecvSocket (C:\Users\55519\Desktop\DIGITAL MARKETING\SAAS AND APP DEVELOPMENT\Caio Website Personal Brand\caio_personal_brand_current_one\node_modules\@whiskeysockets\baileys\lib\Socket\messages-recv.js:20:57)
    at makeBusinessSocket (C:\Users\55519\Desktop\DIGITAL MARKETING\SAAS AND APP DEVELOPMENT\Caio Website Personal Brand\caio_personal_brand_current_one\node_modules\@whiskeysockets\baileys\lib\Socket\business.js:9:61)
    at makeWASocket (C:\Users\55519\Desktop\DIGITAL MARKETING\SAAS AND APP DEVELOPMENT\Caio Website Personal Brand\caio_personal_brand_current_one\node_modules\@whiskeysockets\baileys\lib\Socket\index.js:6:69)
    at WhatsAppService.start (C:\Users\55519\Desktop\DIGITAL MARKETING\SAAS AND APP DEVELOPMENT\Caio Website Personal Brand\caio_personal_brand_current_one\whatsapp-service.js:19:19)
2025-08-29T18:10:38: ❌ Error starting WhatsApp service: TypeError: logger.child is not a function
    at makeNoiseHandler (C:\Users\55519\Desktop\DIGITAL MARKETING\SAAS AND APP DEVELOPMENT\Caio Website Personal Brand\caio_personal_brand_current_one\node_modules\@whiskeysockets\baileys\lib\Utils\noise-handler.js:15:21)
    at makeSocket (C:\Users\55519\Desktop\DIGITAL MARKETING\SAAS AND APP DEVELOPMENT\Caio Website Personal Brand\caio_personal_brand_current_one\node_modules\@whiskeysockets\baileys\lib\Socket\socket.js:39:48)
    at makeUSyncSocket (C:\Users\55519\Desktop\DIGITAL MARKETING\SAAS AND APP DEVELOPMENT\Caio Website Personal Brand\caio_personal_brand_current_one\node_modules\@whiskeysockets\baileys\lib\Socket\usync.js:8:42)
    at makeChatsSocket (C:\Users\55519\Desktop\DIGITAL MARKETING\SAAS AND APP DEVELOPMENT\Caio Website Personal Brand\caio_personal_brand_current_one\node_modules\@whiskeysockets\baileys\lib\Socket\chats.js:21:46)
    at makeGroupsSocket (C:\Users\55519\Desktop\DIGITAL MARKETING\SAAS AND APP DEVELOPMENT\Caio Website Personal Brand\caio_personal_brand_current_one\node_modules\@whiskeysockets\baileys\lib\Socket\groups.js:10:46)
    at makeMessagesSocket (C:\Users\55519\Desktop\DIGITAL MARKETING\SAAS AND APP DEVELOPMENT\Caio Website Personal Brand\caio_personal_brand_current_one\node_modules\@whiskeysockets\baileys\lib\Socket\messages-send.js:18:48)
    at makeMessagesRecvSocket (C:\Users\55519\Desktop\DIGITAL MARKETING\SAAS AND APP DEVELOPMENT\Caio Website Personal Brand\caio_personal_brand_current_one\node_modules\@whiskeysockets\baileys\lib\Socket\messages-recv.js:20:57)
    at makeBusinessSocket (C:\Users\55519\Desktop\DIGITAL MARKETING\SAAS AND APP DEVELOPMENT\Caio Website Personal Brand\caio_personal_brand_current_one\node_modules\@whiskeysockets\baileys\lib\Socket\business.js:9:61)
    at makeWASocket (C:\Users\55519\Desktop\DIGITAL MARKETING\SAAS AND APP DEVELOPMENT\Caio Website Personal Brand\caio_personal_brand_current_one\node_modules\@whiskeysockets\baileys\lib\Socket\index.js:6:69)
    at WhatsAppService.start (C:\Users\55519\Desktop\DIGITAL MARKETING\SAAS AND APP DEVELOPMENT\Caio Website Personal Brand\caio_personal_brand_current_one\whatsapp-service.js:19:19)
2025-08-29T18:11:08: ❌ Error starting WhatsApp service: TypeError: logger.child is not a function
    at makeNoiseHandler (C:\Users\55519\Desktop\DIGITAL MARKETING\SAAS AND APP DEVELOPMENT\Caio Website Personal Brand\caio_personal_brand_current_one\node_modules\@whiskeysockets\baileys\lib\Utils\noise-handler.js:15:21)
    at makeSocket (C:\Users\55519\Desktop\DIGITAL MARKETING\SAAS AND APP DEVELOPMENT\Caio Website Personal Brand\caio_personal_brand_current_one\node_modules\@whiskeysockets\baileys\lib\Socket\socket.js:39:48)
    at makeUSyncSocket (C:\Users\55519\Desktop\DIGITAL MARKETING\SAAS AND APP DEVELOPMENT\Caio Website Personal Brand\caio_personal_brand_current_one\node_modules\@whiskeysockets\baileys\lib\Socket\usync.js:8:42)
    at makeChatsSocket (C:\Users\55519\Desktop\DIGITAL MARKETING\SAAS AND APP DEVELOPMENT\Caio Website Personal Brand\caio_personal_brand_current_one\node_modules\@whiskeysockets\baileys\lib\Socket\chats.js:21:46)
    at makeGroupsSocket (C:\Users\55519\Desktop\DIGITAL MARKETING\SAAS AND APP DEVELOPMENT\Caio Website Personal Brand\caio_personal_brand_current_one\node_modules\@whiskeysockets\baileys\lib\Socket\groups.js:10:46)
    at makeMessagesSocket (C:\Users\55519\Desktop\DIGITAL MARKETING\SAAS AND APP DEVELOPMENT\Caio Website Personal Brand\caio_personal_brand_current_one\node_modules\@whiskeysockets\baileys\lib\Socket\messages-send.js:18:48)
    at makeMessagesRecvSocket (C:\Users\55519\Desktop\DIGITAL MARKETING\SAAS AND APP DEVELOPMENT\Caio Website Personal Brand\caio_personal_brand_current_one\node_modules\@whiskeysockets\baileys\lib\Socket\messages-recv.js:20:57)
    at makeBusinessSocket (C:\Users\55519\Desktop\DIGITAL MARKETING\SAAS AND APP DEVELOPMENT\Caio Website Personal Brand\caio_personal_brand_current_one\node_modules\@whiskeysockets\baileys\lib\Socket\business.js:9:61)
    at makeWASocket (C:\Users\55519\Desktop\DIGITAL MARKETING\SAAS AND APP DEVELOPMENT\Caio Website Personal Brand\caio_personal_brand_current_one\node_modules\@whiskeysockets\baileys\lib\Socket\index.js:6:69)
    at WhatsAppService.start (C:\Users\55519\Desktop\DIGITAL MARKETING\SAAS AND APP DEVELOPMENT\Caio Website Personal Brand\caio_personal_brand_current_one\whatsapp-service.js:19:19)
2025-08-29T18:11:38: ❌ Error starting WhatsApp service: TypeError: logger.child is not a function
    at makeNoiseHandler (C:\Users\55519\Desktop\DIGITAL MARKETING\SAAS AND APP DEVELOPMENT\Caio Website Personal Brand\caio_personal_brand_current_one\node_modules\@whiskeysockets\baileys\lib\Utils\noise-handler.js:15:21)
    at makeSocket (C:\Users\55519\Desktop\DIGITAL MARKETING\SAAS AND APP DEVELOPMENT\Caio Website Personal Brand\caio_personal_brand_current_one\node_modules\@whiskeysockets\baileys\lib\Socket\socket.js:39:48)
    at makeUSyncSocket (C:\Users\55519\Desktop\DIGITAL MARKETING\SAAS AND APP DEVELOPMENT\Caio Website Personal Brand\caio_personal_brand_current_one\node_modules\@whiskeysockets\baileys\lib\Socket\usync.js:8:42)
    at makeChatsSocket (C:\Users\55519\Desktop\DIGITAL MARKETING\SAAS AND APP DEVELOPMENT\Caio Website Personal Brand\caio_personal_brand_current_one\node_modules\@whiskeysockets\baileys\lib\Socket\chats.js:21:46)
    at makeGroupsSocket (C:\Users\55519\Desktop\DIGITAL MARKETING\SAAS AND APP DEVELOPMENT\Caio Website Personal Brand\caio_personal_brand_current_one\node_modules\@whiskeysockets\baileys\lib\Socket\groups.js:10:46)
    at makeMessagesSocket (C:\Users\55519\Desktop\DIGITAL MARKETING\SAAS AND APP DEVELOPMENT\Caio Website Personal Brand\caio_personal_brand_current_one\node_modules\@whiskeysockets\baileys\lib\Socket\messages-send.js:18:48)
    at makeMessagesRecvSocket (C:\Users\55519\Desktop\DIGITAL MARKETING\SAAS AND APP DEVELOPMENT\Caio Website Personal Brand\caio_personal_brand_current_one\node_modules\@whiskeysockets\baileys\lib\Socket\messages-recv.js:20:57)
    at makeBusinessSocket (C:\Users\55519\Desktop\DIGITAL MARKETING\SAAS AND APP DEVELOPMENT\Caio Website Personal Brand\caio_personal_brand_current_one\node_modules\@whiskeysockets\baileys\lib\Socket\business.js:9:61)
    at makeWASocket (C:\Users\55519\Desktop\DIGITAL MARKETING\SAAS AND APP DEVELOPMENT\Caio Website Personal Brand\caio_personal_brand_current_one\node_modules\@whiskeysockets\baileys\lib\Socket\index.js:6:69)
    at WhatsAppService.start (C:\Users\55519\Desktop\DIGITAL MARKETING\SAAS AND APP DEVELOPMENT\Caio Website Personal Brand\caio_personal_brand_current_one\whatsapp-service.js:19:19)
2025-08-29T18:12:08: ❌ Error starting WhatsApp service: TypeError: logger.child is not a function
    at makeNoiseHandler (C:\Users\55519\Desktop\DIGITAL MARKETING\SAAS AND APP DEVELOPMENT\Caio Website Personal Brand\caio_personal_brand_current_one\node_modules\@whiskeysockets\baileys\lib\Utils\noise-handler.js:15:21)
    at makeSocket (C:\Users\55519\Desktop\DIGITAL MARKETING\SAAS AND APP DEVELOPMENT\Caio Website Personal Brand\caio_personal_brand_current_one\node_modules\@whiskeysockets\baileys\lib\Socket\socket.js:39:48)
    at makeUSyncSocket (C:\Users\55519\Desktop\DIGITAL MARKETING\SAAS AND APP DEVELOPMENT\Caio Website Personal Brand\caio_personal_brand_current_one\node_modules\@whiskeysockets\baileys\lib\Socket\usync.js:8:42)
    at makeChatsSocket (C:\Users\55519\Desktop\DIGITAL MARKETING\SAAS AND APP DEVELOPMENT\Caio Website Personal Brand\caio_personal_brand_current_one\node_modules\@whiskeysockets\baileys\lib\Socket\chats.js:21:46)
    at makeGroupsSocket (C:\Users\55519\Desktop\DIGITAL MARKETING\SAAS AND APP DEVELOPMENT\Caio Website Personal Brand\caio_personal_brand_current_one\node_modules\@whiskeysockets\baileys\lib\Socket\groups.js:10:46)
    at makeMessagesSocket (C:\Users\55519\Desktop\DIGITAL MARKETING\SAAS AND APP DEVELOPMENT\Caio Website Personal Brand\caio_personal_brand_current_one\node_modules\@whiskeysockets\baileys\lib\Socket\messages-send.js:18:48)
    at makeMessagesRecvSocket (C:\Users\55519\Desktop\DIGITAL MARKETING\SAAS AND APP DEVELOPMENT\Caio Website Personal Brand\caio_personal_brand_current_one\node_modules\@whiskeysockets\baileys\lib\Socket\messages-recv.js:20:57)
    at makeBusinessSocket (C:\Users\55519\Desktop\DIGITAL MARKETING\SAAS AND APP DEVELOPMENT\Caio Website Personal Brand\caio_personal_brand_current_one\node_modules\@whiskeysockets\baileys\lib\Socket\business.js:9:61)
    at makeWASocket (C:\Users\55519\Desktop\DIGITAL MARKETING\SAAS AND APP DEVELOPMENT\Caio Website Personal Brand\caio_personal_brand_current_one\node_modules\@whiskeysockets\baileys\lib\Socket\index.js:6:69)
    at WhatsAppService.start (C:\Users\55519\Desktop\DIGITAL MARKETING\SAAS AND APP DEVELOPMENT\Caio Website Personal Brand\caio_personal_brand_current_one\whatsapp-service.js:19:19)
2025-08-29T18:12:38: ❌ Error starting WhatsApp service: TypeError: logger.child is not a function
    at makeNoiseHandler (C:\Users\55519\Desktop\DIGITAL MARKETING\SAAS AND APP DEVELOPMENT\Caio Website Personal Brand\caio_personal_brand_current_one\node_modules\@whiskeysockets\baileys\lib\Utils\noise-handler.js:15:21)
    at makeSocket (C:\Users\55519\Desktop\DIGITAL MARKETING\SAAS AND APP DEVELOPMENT\Caio Website Personal Brand\caio_personal_brand_current_one\node_modules\@whiskeysockets\baileys\lib\Socket\socket.js:39:48)
    at makeUSyncSocket (C:\Users\55519\Desktop\DIGITAL MARKETING\SAAS AND APP DEVELOPMENT\Caio Website Personal Brand\caio_personal_brand_current_one\node_modules\@whiskeysockets\baileys\lib\Socket\usync.js:8:42)
    at makeChatsSocket (C:\Users\55519\Desktop\DIGITAL MARKETING\SAAS AND APP DEVELOPMENT\Caio Website Personal Brand\caio_personal_brand_current_one\node_modules\@whiskeysockets\baileys\lib\Socket\chats.js:21:46)
    at makeGroupsSocket (C:\Users\55519\Desktop\DIGITAL MARKETING\SAAS AND APP DEVELOPMENT\Caio Website Personal Brand\caio_personal_brand_current_one\node_modules\@whiskeysockets\baileys\lib\Socket\groups.js:10:46)
    at makeMessagesSocket (C:\Users\55519\Desktop\DIGITAL MARKETING\SAAS AND APP DEVELOPMENT\Caio Website Personal Brand\caio_personal_brand_current_one\node_modules\@whiskeysockets\baileys\lib\Socket\messages-send.js:18:48)
    at makeMessagesRecvSocket (C:\Users\55519\Desktop\DIGITAL MARKETING\SAAS AND APP DEVELOPMENT\Caio Website Personal Brand\caio_personal_brand_current_one\node_modules\@whiskeysockets\baileys\lib\Socket\messages-recv.js:20:57)
    at makeBusinessSocket (C:\Users\55519\Desktop\DIGITAL MARKETING\SAAS AND APP DEVELOPMENT\Caio Website Personal Brand\caio_personal_brand_current_one\node_modules\@whiskeysockets\baileys\lib\Socket\business.js:9:61)
    at makeWASocket (C:\Users\55519\Desktop\DIGITAL MARKETING\SAAS AND APP DEVELOPMENT\Caio Website Personal Brand\caio_personal_brand_current_one\node_modules\@whiskeysockets\baileys\lib\Socket\index.js:6:69)
    at WhatsAppService.start (C:\Users\55519\Desktop\DIGITAL MARKETING\SAAS AND APP DEVELOPMENT\Caio Website Personal Brand\caio_personal_brand_current_one\whatsapp-service.js:19:19)
2025-08-29T18:13:08: ❌ Error starting WhatsApp service: TypeError: logger.child is not a function
    at makeNoiseHandler (C:\Users\55519\Desktop\DIGITAL MARKETING\SAAS AND APP DEVELOPMENT\Caio Website Personal Brand\caio_personal_brand_current_one\node_modules\@whiskeysockets\baileys\lib\Utils\noise-handler.js:15:21)
    at makeSocket (C:\Users\55519\Desktop\DIGITAL MARKETING\SAAS AND APP DEVELOPMENT\Caio Website Personal Brand\caio_personal_brand_current_one\node_modules\@whiskeysockets\baileys\lib\Socket\socket.js:39:48)
    at makeUSyncSocket (C:\Users\55519\Desktop\DIGITAL MARKETING\SAAS AND APP DEVELOPMENT\Caio Website Personal Brand\caio_personal_brand_current_one\node_modules\@whiskeysockets\baileys\lib\Socket\usync.js:8:42)
    at makeChatsSocket (C:\Users\55519\Desktop\DIGITAL MARKETING\SAAS AND APP DEVELOPMENT\Caio Website Personal Brand\caio_personal_brand_current_one\node_modules\@whiskeysockets\baileys\lib\Socket\chats.js:21:46)
    at makeGroupsSocket (C:\Users\55519\Desktop\DIGITAL MARKETING\SAAS AND APP DEVELOPMENT\Caio Website Personal Brand\caio_personal_brand_current_one\node_modules\@whiskeysockets\baileys\lib\Socket\groups.js:10:46)
    at makeMessagesSocket (C:\Users\55519\Desktop\DIGITAL MARKETING\SAAS AND APP DEVELOPMENT\Caio Website Personal Brand\caio_personal_brand_current_one\node_modules\@whiskeysockets\baileys\lib\Socket\messages-send.js:18:48)
    at makeMessagesRecvSocket (C:\Users\55519\Desktop\DIGITAL MARKETING\SAAS AND APP DEVELOPMENT\Caio Website Personal Brand\caio_personal_brand_current_one\node_modules\@whiskeysockets\baileys\lib\Socket\messages-recv.js:20:57)
    at makeBusinessSocket (C:\Users\55519\Desktop\DIGITAL MARKETING\SAAS AND APP DEVELOPMENT\Caio Website Personal Brand\caio_personal_brand_current_one\node_modules\@whiskeysockets\baileys\lib\Socket\business.js:9:61)
    at makeWASocket (C:\Users\55519\Desktop\DIGITAL MARKETING\SAAS AND APP DEVELOPMENT\Caio Website Personal Brand\caio_personal_brand_current_one\node_modules\@whiskeysockets\baileys\lib\Socket\index.js:6:69)
    at WhatsAppService.start (C:\Users\55519\Desktop\DIGITAL MARKETING\SAAS AND APP DEVELOPMENT\Caio Website Personal Brand\caio_personal_brand_current_one\whatsapp-service.js:19:19)
2025-08-29T18:54:04: (node:24548) Warning: Setting the NODE_TLS_REJECT_UNAUTHORIZED environment variable to '0' makes TLS connections and HTTPS requests insecure by disabling certificate verification.
(Use `node --trace-warnings ...` to show where the warning was created)
2025-08-29T19:01:34: (node:7084) Warning: Setting the NODE_TLS_REJECT_UNAUTHORIZED environment variable to '0' makes TLS connections and HTTPS requests insecure by disabling certificate verification.
(Use `node --trace-warnings ...` to show where the warning was created)
2025-08-29T19:11:53: (node:19756) Warning: Setting the NODE_TLS_REJECT_UNAUTHORIZED environment variable to '0' makes TLS connections and HTTPS requests insecure by disabling certificate verification.
(Use `node --trace-warnings ...` to show where the warning was created)
2025-08-29T19:23:59: (node:24752) Warning: Setting the NODE_TLS_REJECT_UNAUTHORIZED environment variable to '0' makes TLS connections and HTTPS requests insecure by disabling certificate verification.
(Use `node --trace-warnings ...` to show where the warning was created)
2025-08-29T19:39:02: (node:808) Warning: Setting the NODE_TLS_REJECT_UNAUTHORIZED environment variable to '0' makes TLS connections and HTTPS requests insecure by disabling certificate verification.
(Use `node --trace-warnings ...` to show where the warning was created)
2025-08-29T19:45:31: (node:24372) Warning: Setting the NODE_TLS_REJECT_UNAUTHORIZED environment variable to '0' makes TLS connections and HTTPS requests insecure by disabling certificate verification.
(Use `node --trace-warnings ...` to show where the warning was created)
2025-08-29T19:49:34: (node:18040) Warning: Setting the NODE_TLS_REJECT_UNAUTHORIZED environment variable to '0' makes TLS connections and HTTPS requests insecure by disabling certificate verification.
(Use `node --trace-warnings ...` to show where the warning was created)
2025-08-29T19:57:23: (node:10716) Warning: Setting the NODE_TLS_REJECT_UNAUTHORIZED environment variable to '0' makes TLS connections and HTTPS requests insecure by disabling certificate verification.
(Use `node --trace-warnings ...` to show where the warning was created)
2025-08-29T20:03:35: (node:23196) Warning: Setting the NODE_TLS_REJECT_UNAUTHORIZED environment variable to '0' makes TLS connections and HTTPS requests insecure by disabling certificate verification.
(Use `node --trace-warnings ...` to show where the warning was created)
2025-08-29T20:07:58: (node:21876) Warning: Setting the NODE_TLS_REJECT_UNAUTHORIZED environment variable to '0' makes TLS connections and HTTPS requests insecure by disabling certificate verification.
(Use `node --trace-warnings ...` to show where the warning was created)
2025-08-29T20:12:28: (node:17372) Warning: Setting the NODE_TLS_REJECT_UNAUTHORIZED environment variable to '0' makes TLS connections and HTTPS requests insecure by disabling certificate verification.
(Use `node --trace-warnings ...` to show where the warning was created)
